RAM Allocation [bytes]
Variable                                                                          Address   Size
------------------------------------------------------------------------------------------------
air_set                                                                           0x01B7       2
fan_set                                                                           0x01B9       2
solder_power                                                                      0x01BB       2
pidData1                                                                          0x01BD      18
_seed                                                                             0x01CF       4

EEPROM Allocation [bytes]
Variable                                                                          Address   Size
------------------------------------------------------------------------------------------------

Register Allocation
Variable                                                                          Register  Size
------------------------------------------------------------------------------------------------
rot                                                                               R4,R5        2
RS_old                                                                            R7           1
solder_cur                                                                        R8,R9        2
air_cur                                                                           R10,R11      2
solder_set                                                                        R12,R13      2
solder_on                                                                         R2.0      1bit
air_on                                                                            R2.1      1bit
sys_tmr                                                                           R6           1
old_but_sold                                                                      R2.2      1bit

FLASH Allocation [words]
Function                                                                          Address   Size
------------------------------------------------------------------------------------------------
Send_spi                                                                          0x002F0     44
Send_to_lcd                                                                       0x0031C     23
LCD_init                                                                          0x00333     26
SetRotation                                                                       0x0034D     28
SetArea                                                                           0x00369     17
Put_Pixel                                                                         0x0037A     16
Send_Symbol                                                                       0x0038A    127
LCD_Putchar                                                                       0x00409     31
LCD_Puts                                                                          0x00428     36
LCD_FillScreen                                                                    0x0044C     26
LCD_DrawLine                                                                      0x00466    163
pid_Init                                                                          0x00509     55
pid_Controller                                                                    0x00540    155
pid_Reset_Integrator                                                              0x005DB      3
Init_pid                                                                          0x005DE      8
map                                                                               0x005E6     47
draw_2bit_image                                                                   0x00615    110
set_sold_cur_temp                                                                 0x00683      5
set_sold_temp                                                                     0x00688     17
set_air_cur_temp                                                                  0x00699      5
set_air_temp                                                                      0x0069E     13
set_fan                                                                           0x006AB     52
get_all_input                                                                     0x006DF     35
timer0_ovf_isr                                                                    0x00702     34
process_butt                                                                      0x00724     21
process_sys                                                                       0x00739     62
read_adc                                                                          0x00777     14
main                                                                              0x00785    209
put_buff_G101                                                                     0x00856     43
_print_G101                                                                       0x00881    267
sprintf                                                                           0x0098C     41
strlen                                                                            0x009B5     11
strlenf                                                                           0x009C0     12
