RAM Allocation [bytes]
Variable                                                                          Address   Size
------------------------------------------------------------------------------------------------
air_set                                                                           0x0199       2
fan_set                                                                           0x019B       2
_seed                                                                             0x019D       4

EEPROM Allocation [bytes]
Variable                                                                          Address   Size
------------------------------------------------------------------------------------------------

Register Allocation
Variable                                                                          Register  Size
------------------------------------------------------------------------------------------------
rot                                                                               R4,R5        2
RS_old                                                                            R7           1
solder_cur                                                                        R8,R9        2
air_cur                                                                           R10,R11      2
solder_set                                                                        R12,R13      2
solder_on                                                                         R2.0      1bit
air_on                                                                            R2.1      1bit
solder_heat                                                                       R2.2      1bit
air_head                                                                          R2.3      1bit
sys_tmr                                                                           R6           1
old_but_sold                                                                      R2.4      1bit
old_but_air                                                                       R2.5      1bit

FLASH Allocation [words]
Function                                                                          Address   Size
------------------------------------------------------------------------------------------------
Send_spi                                                                          0x002D9     44
Send_to_lcd                                                                       0x00305     23
LCD_init                                                                          0x0031C     26
SetRotation                                                                       0x00336     29
SetArea                                                                           0x00353     17
Put_Pixel                                                                         0x00364     16
Send_Symbol                                                                       0x00374    127
LCD_Putchar                                                                       0x003F3     31
LCD_Puts                                                                          0x00412     36
LCD_FillScreen                                                                    0x00436     26
LCD_DrawLine                                                                      0x00450    169
map                                                                               0x004F9     47
draw_2bit_image                                                                   0x00528    110
set_sold_cur_temp                                                                 0x00596      5
set_sold_temp                                                                     0x0059B     15
set_air_cur_temp                                                                  0x005AA      5
set_air_temp                                                                      0x005AF     11
set_fan                                                                           0x005BA     24
get_all_input                                                                     0x005D2     45
timer0_ovf_isr                                                                    0x005FF     34
process_butt                                                                      0x00621     23
process_sys                                                                       0x00638     31
read_adc                                                                          0x00657     14
main                                                                              0x00665    182
put_buff_G101                                                                     0x0071B     44
_print_G101                                                                       0x00747    274
sprintf                                                                           0x00859     41
strlen                                                                            0x00882     11
strlenf                                                                           0x0088D     12
